Running kafka-rack-links seed=52

============================================================
 TopoTestix Results
 Seed: 52
 Name: kafka-rack-links-seed-52-rep-3
============================================================
  FAIL  kafka-rack-links-execution-completed: precondition_failure: topic creation rejected: [2026-09-12 21:40:56,297] WARN [AdminClient clientId=adminclient-1] Connection to node -2 (/192.168.20.3:9095) could not be established. Node may not be available. (org.apache.kafka.clients.NetworkClient)
[2026-09-12 21:40:56,319] WARN [AdminClient clientId=adminclient-1] Connection to node -1 (/192.168.20.2:9095) could not be established. Node may not be available. (org.apache.kafka.clients.NetworkClient)
Error while executing topic command : The manual partition assignment includes broker 1, but no such broker is registered.
[2026-09-12 21:40:56,857] ERROR org.apache.kafka.common.errors.InvalidReplicaAssignmentException: The manual partition assignment includes broker 1, but no such broker is registered.
 (org.apache.kafka.tools.TopicCommand)

  PASS  kafka-rack-links-materialized
  FAIL  kafka-rack-links-cut-accurate: cut window started=None restored=None
  FAIL  kafka-rack-links-confirmed-records-recovered-exactly-once: precondition_failure: topic creation rejected: [2026-09-12 21:40:56,297] WARN [AdminClient clientId=adminclient-1] Connection to node -2 (/192.168.20.3:9095) could not be established. Node may not be available. (org.apache.kafka.clients.NetworkClient)
[2026-09-12 21:40:56,319] WARN [AdminClient clientId=adminclient-1] Connection to node -1 (/192.168.20.2:9095) could not be established. Node may not be available. (org.apache.kafka.clients.NetworkClient)
Error while executing topic command : The manual partition assignment includes broker 1, but no such broker is registered.
[2026-09-12 21:40:56,857] ERROR org.apache.kafka.common.errors.InvalidReplicaAssignmentException: The manual partition assignment includes broker 1, but no such broker is registered.
 (org.apache.kafka.tools.TopicCommand)

  FAIL  kafka-rack-links-cluster-recovers: precondition_failure: topic creation rejected: [2026-09-12 21:40:56,297] WARN [AdminClient clientId=adminclient-1] Connection to node -2 (/192.168.20.3:9095) could not be established. Node may not be available. (org.apache.kafka.clients.NetworkClient)
[2026-09-12 21:40:56,319] WARN [AdminClient clientId=adminclient-1] Connection to node -1 (/192.168.20.2:9095) could not be established. Node may not be available. (org.apache.kafka.clients.NetworkClient)
Error while executing topic command : The manual partition assignment includes broker 1, but no such broker is registered.
[2026-09-12 21:40:56,857] ERROR org.apache.kafka.common.errors.InvalidReplicaAssignmentException: The manual partition assignment includes broker 1, but no such broker is registered.
 (org.apache.kafka.tools.TopicCommand)

  PASS  kafka-rack-links-runtime-versions-pinned

 Overall: FAILED
 Run dir: /home/freerat/projects/topotestix/experiments/kafka-rack-links/principal-12-09-2026/runs/20260912-213828-kafka-rack-links-seed-52-kafka-rack-links-seed-52-rep-3
============================================================
