Running kafka-rack-links seed=77

============================================================
 TopoTestix Results
 Seed: 77
 Name: kafka-rack-links-seed-77-rep-3
============================================================
  FAIL  kafka-rack-links-execution-completed: precondition_failure: topic creation rejected: [2026-09-12 22:17:23,689] WARN [AdminClient clientId=adminclient-1] Connection to node -6 (/192.168.20.7:9095) could not be established. Node may not be available. (org.apache.kafka.clients.NetworkClient)
Error while executing topic command : The manual partition assignment includes broker 5, but no such broker is registered.
[2026-09-12 22:17:24,271] ERROR org.apache.kafka.common.errors.InvalidReplicaAssignmentException: The manual partition assignment includes broker 5, but no such broker is registered.
 (org.apache.kafka.tools.TopicCommand)

  PASS  kafka-rack-links-materialized
  FAIL  kafka-rack-links-cut-accurate: cut window started=None restored=None
  FAIL  kafka-rack-links-confirmed-records-recovered-exactly-once: precondition_failure: topic creation rejected: [2026-09-12 22:17:23,689] WARN [AdminClient clientId=adminclient-1] Connection to node -6 (/192.168.20.7:9095) could not be established. Node may not be available. (org.apache.kafka.clients.NetworkClient)
Error while executing topic command : The manual partition assignment includes broker 5, but no such broker is registered.
[2026-09-12 22:17:24,271] ERROR org.apache.kafka.common.errors.InvalidReplicaAssignmentException: The manual partition assignment includes broker 5, but no such broker is registered.
 (org.apache.kafka.tools.TopicCommand)

  FAIL  kafka-rack-links-cluster-recovers: precondition_failure: topic creation rejected: [2026-09-12 22:17:23,689] WARN [AdminClient clientId=adminclient-1] Connection to node -6 (/192.168.20.7:9095) could not be established. Node may not be available. (org.apache.kafka.clients.NetworkClient)
Error while executing topic command : The manual partition assignment includes broker 5, but no such broker is registered.
[2026-09-12 22:17:24,271] ERROR org.apache.kafka.common.errors.InvalidReplicaAssignmentException: The manual partition assignment includes broker 5, but no such broker is registered.
 (org.apache.kafka.tools.TopicCommand)

  PASS  kafka-rack-links-runtime-versions-pinned

 Overall: FAILED
 Run dir: /home/freerat/projects/topotestix/experiments/kafka-rack-links/principal-12-09-2026/runs/20260912-221454-kafka-rack-links-seed-77-kafka-rack-links-seed-77-rep-3
============================================================
