Running kafka-rack-links seed=58

============================================================
 TopoTestix Results
 Seed: 58
 Name: kafka-rack-links-seed-58-rep-2
============================================================
  FAIL  kafka-rack-links-execution-completed: precondition_failure: topic creation rejected: Error while executing topic command : The manual partition assignment includes broker 1, but no such broker is registered.
[2026-09-12 19:55:46,389] ERROR org.apache.kafka.common.errors.InvalidReplicaAssignmentException: The manual partition assignment includes broker 1, but no such broker is registered.
 (org.apache.kafka.tools.TopicCommand)

  PASS  kafka-rack-links-materialized
  FAIL  kafka-rack-links-cut-accurate: cut window started=None restored=None
  FAIL  kafka-rack-links-confirmed-records-recovered-exactly-once: precondition_failure: topic creation rejected: Error while executing topic command : The manual partition assignment includes broker 1, but no such broker is registered.
[2026-09-12 19:55:46,389] ERROR org.apache.kafka.common.errors.InvalidReplicaAssignmentException: The manual partition assignment includes broker 1, but no such broker is registered.
 (org.apache.kafka.tools.TopicCommand)

  FAIL  kafka-rack-links-cluster-recovers: precondition_failure: topic creation rejected: Error while executing topic command : The manual partition assignment includes broker 1, but no such broker is registered.
[2026-09-12 19:55:46,389] ERROR org.apache.kafka.common.errors.InvalidReplicaAssignmentException: The manual partition assignment includes broker 1, but no such broker is registered.
 (org.apache.kafka.tools.TopicCommand)

  PASS  kafka-rack-links-runtime-versions-pinned

 Overall: FAILED
 Run dir: /home/freerat/projects/topotestix/experiments/kafka-rack-links/principal-12-09-2026/runs/20260912-195317-kafka-rack-links-seed-58-kafka-rack-links-seed-58-rep-2
============================================================
