Running kafka-rack-links seed=56

============================================================
 TopoTestix Results
 Seed: 56
 Name: kafka-rack-links-seed-56-rep-3
============================================================
  FAIL  kafka-rack-links-execution-completed: precondition_failure: topic creation rejected: Error while executing topic command : The manual partition assignment includes broker 1, but no such broker is registered.
[2026-09-12 21:46:18,554] ERROR org.apache.kafka.common.errors.InvalidReplicaAssignmentException: The manual partition assignment includes broker 1, but no such broker is registered.
 (org.apache.kafka.tools.TopicCommand)

  PASS  kafka-rack-links-materialized
  FAIL  kafka-rack-links-cut-accurate: cut NICs [], expected [('racka1', 10), ('racka1', 11), ('racka2', 10), ('racka2', 11)]; cut window started=None restored=None; set_link off applied to [], expected [('racka1', 10), ('racka1', 11), ('racka2', 10), ('racka2', 11)]; set_link on applied to [], expected [('racka1', 10), ('racka1', 11), ('racka2', 10), ('racka2', 11)]; cut_probe covered 0 pairs, expected 4; restore_probe covered 0 pairs, expected 4
  FAIL  kafka-rack-links-confirmed-records-recovered-exactly-once: precondition_failure: topic creation rejected: Error while executing topic command : The manual partition assignment includes broker 1, but no such broker is registered.
[2026-09-12 21:46:18,554] ERROR org.apache.kafka.common.errors.InvalidReplicaAssignmentException: The manual partition assignment includes broker 1, but no such broker is registered.
 (org.apache.kafka.tools.TopicCommand)

  FAIL  kafka-rack-links-cluster-recovers: precondition_failure: topic creation rejected: Error while executing topic command : The manual partition assignment includes broker 1, but no such broker is registered.
[2026-09-12 21:46:18,554] ERROR org.apache.kafka.common.errors.InvalidReplicaAssignmentException: The manual partition assignment includes broker 1, but no such broker is registered.
 (org.apache.kafka.tools.TopicCommand)

  PASS  kafka-rack-links-runtime-versions-pinned

 Overall: FAILED
 Run dir: /home/freerat/projects/topotestix/experiments/kafka-rack-links/principal-12-09-2026/runs/20260912-214349-kafka-rack-links-seed-56-kafka-rack-links-seed-56-rep-3
============================================================
