Running kafka-rack-links seed=69

============================================================
 TopoTestix Results
 Seed: 69
 Name: kafka-rack-links-seed-69-rep-1
============================================================
  FAIL  kafka-rack-links-execution-completed: precondition_failure: topic creation rejected: Error while executing topic command : The manual partition assignment includes broker 3, but no such broker is registered.
[2026-09-12 18:14:44,187] ERROR org.apache.kafka.common.errors.InvalidReplicaAssignmentException: The manual partition assignment includes broker 3, but no such broker is registered.
 (org.apache.kafka.tools.TopicCommand)

  PASS  kafka-rack-links-materialized
  FAIL  kafka-rack-links-cut-accurate: cut NICs [], expected [('racka1', 10), ('racka2', 10), ('rackb1', 12), ('rackb2', 12)]; cut window started=None restored=None; set_link off applied to [], expected [('racka1', 10), ('racka2', 10), ('rackb1', 12), ('rackb2', 12)]; set_link on applied to [], expected [('racka1', 10), ('racka2', 10), ('rackb1', 12), ('rackb2', 12)]; cut_probe covered 0 pairs, expected 4; restore_probe covered 0 pairs, expected 4
  FAIL  kafka-rack-links-confirmed-records-recovered-exactly-once: precondition_failure: topic creation rejected: Error while executing topic command : The manual partition assignment includes broker 3, but no such broker is registered.
[2026-09-12 18:14:44,187] ERROR org.apache.kafka.common.errors.InvalidReplicaAssignmentException: The manual partition assignment includes broker 3, but no such broker is registered.
 (org.apache.kafka.tools.TopicCommand)

  FAIL  kafka-rack-links-cluster-recovers: precondition_failure: topic creation rejected: Error while executing topic command : The manual partition assignment includes broker 3, but no such broker is registered.
[2026-09-12 18:14:44,187] ERROR org.apache.kafka.common.errors.InvalidReplicaAssignmentException: The manual partition assignment includes broker 3, but no such broker is registered.
 (org.apache.kafka.tools.TopicCommand)

  PASS  kafka-rack-links-runtime-versions-pinned

 Overall: FAILED
 Run dir: /home/freerat/projects/topotestix/experiments/kafka-rack-links/principal-12-09-2026/runs/20260912-181210-kafka-rack-links-seed-69-kafka-rack-links-seed-69-rep-1
============================================================
