Running kafka-rack-links seed=61

============================================================
 TopoTestix Results
 Seed: 61
 Name: kafka-rack-links-seed-61-rep-3
============================================================
  FAIL  kafka-rack-links-execution-completed: precondition_failure: topic creation rejected: [2026-09-12 21:53:54,826] WARN [AdminClient clientId=adminclient-1] Connection to node -2 (/192.168.20.3:9095) could not be established. Node may not be available. (org.apache.kafka.clients.NetworkClient)
Error while executing topic command : The manual partition assignment includes broker 1, but no such broker is registered.
[2026-09-12 21:53:55,376] ERROR org.apache.kafka.common.errors.InvalidReplicaAssignmentException: The manual partition assignment includes broker 1, but no such broker is registered.
 (org.apache.kafka.tools.TopicCommand)

  PASS  kafka-rack-links-materialized
  FAIL  kafka-rack-links-cut-accurate: cut NICs [], expected [('rackb1', 12), ('rackb2', 12), ('rackc1', 12), ('rackc2', 12)]; cut window started=None restored=None; set_link off applied to [], expected [('rackb1', 12), ('rackb2', 12), ('rackc1', 12), ('rackc2', 12)]; set_link on applied to [], expected [('rackb1', 12), ('rackb2', 12), ('rackc1', 12), ('rackc2', 12)]; cut_probe covered 0 pairs, expected 12; restore_probe covered 0 pairs, expected 12
  FAIL  kafka-rack-links-confirmed-records-recovered-exactly-once: precondition_failure: topic creation rejected: [2026-09-12 21:53:54,826] WARN [AdminClient clientId=adminclient-1] Connection to node -2 (/192.168.20.3:9095) could not be established. Node may not be available. (org.apache.kafka.clients.NetworkClient)
Error while executing topic command : The manual partition assignment includes broker 1, but no such broker is registered.
[2026-09-12 21:53:55,376] ERROR org.apache.kafka.common.errors.InvalidReplicaAssignmentException: The manual partition assignment includes broker 1, but no such broker is registered.
 (org.apache.kafka.tools.TopicCommand)

  FAIL  kafka-rack-links-cluster-recovers: precondition_failure: topic creation rejected: [2026-09-12 21:53:54,826] WARN [AdminClient clientId=adminclient-1] Connection to node -2 (/192.168.20.3:9095) could not be established. Node may not be available. (org.apache.kafka.clients.NetworkClient)
Error while executing topic command : The manual partition assignment includes broker 1, but no such broker is registered.
[2026-09-12 21:53:55,376] ERROR org.apache.kafka.common.errors.InvalidReplicaAssignmentException: The manual partition assignment includes broker 1, but no such broker is registered.
 (org.apache.kafka.tools.TopicCommand)

  PASS  kafka-rack-links-runtime-versions-pinned

 Overall: FAILED
 Run dir: /home/freerat/projects/topotestix/experiments/kafka-rack-links/principal-12-09-2026/runs/20260912-215126-kafka-rack-links-seed-61-kafka-rack-links-seed-61-rep-3
============================================================
