Running kafka-rack-links seed=112

============================================================
 TopoTestix Results
 Seed: 112
 Name: kafka-rack-links-seed-112-rep-3
============================================================
  FAIL  kafka-rack-links-execution-completed: precondition_failure: topic creation rejected: [2026-09-12 23:52:20,484] WARN [AdminClient clientId=adminclient-1] Connection to node -5 (/192.168.20.6:9095) could not be established. Node may not be available. (org.apache.kafka.clients.NetworkClient)
[2026-09-12 23:52:20,501] WARN [AdminClient clientId=adminclient-1] Connection to node -6 (/192.168.20.7:9095) could not be established. Node may not be available. (org.apache.kafka.clients.NetworkClient)
Error while executing topic command : The manual partition assignment includes broker 5, but no such broker is registered.
[2026-09-12 23:52:21,001] ERROR org.apache.kafka.common.errors.InvalidReplicaAssignmentException: The manual partition assignment includes broker 5, but no such broker is registered.
 (org.apache.kafka.tools.TopicCommand)

  PASS  kafka-rack-links-materialized
  FAIL  kafka-rack-links-cut-accurate: cut NICs [], expected [('rackb1', 12), ('rackb2', 12)]; cut window started=None restored=None; set_link off applied to [], expected [('rackb1', 12), ('rackb2', 12)]; set_link on applied to [], expected [('rackb1', 12), ('rackb2', 12)]; cut_probe covered 0 pairs, expected 2; restore_probe covered 0 pairs, expected 2
  FAIL  kafka-rack-links-confirmed-records-recovered-exactly-once: precondition_failure: topic creation rejected: [2026-09-12 23:52:20,484] WARN [AdminClient clientId=adminclient-1] Connection to node -5 (/192.168.20.6:9095) could not be established. Node may not be available. (org.apache.kafka.clients.NetworkClient)
[2026-09-12 23:52:20,501] WARN [AdminClient clientId=adminclient-1] Connection to node -6 (/192.168.20.7:9095) could not be established. Node may not be available. (org.apache.kafka.clients.NetworkClient)
Error while executing topic command : The manual partition assignment includes broker 5, but no such broker is registered.
[2026-09-12 23:52:21,001] ERROR org.apache.kafka.common.errors.InvalidReplicaAssignmentException: The manual partition assignment includes broker 5, but no such broker is registered.
 (org.apache.kafka.tools.TopicCommand)

  FAIL  kafka-rack-links-cluster-recovers: precondition_failure: topic creation rejected: [2026-09-12 23:52:20,484] WARN [AdminClient clientId=adminclient-1] Connection to node -5 (/192.168.20.6:9095) could not be established. Node may not be available. (org.apache.kafka.clients.NetworkClient)
[2026-09-12 23:52:20,501] WARN [AdminClient clientId=adminclient-1] Connection to node -6 (/192.168.20.7:9095) could not be established. Node may not be available. (org.apache.kafka.clients.NetworkClient)
Error while executing topic command : The manual partition assignment includes broker 5, but no such broker is registered.
[2026-09-12 23:52:21,001] ERROR org.apache.kafka.common.errors.InvalidReplicaAssignmentException: The manual partition assignment includes broker 5, but no such broker is registered.
 (org.apache.kafka.tools.TopicCommand)

  PASS  kafka-rack-links-runtime-versions-pinned

 Overall: FAILED
 Run dir: /home/freerat/projects/topotestix/experiments/kafka-rack-links/principal-12-09-2026/runs/20260912-234953-kafka-rack-links-seed-112-kafka-rack-links-seed-112-rep-3
============================================================
