campaign start: 2026-09-10T23:04:19+02:00
warning: Git tree '/home/freerat/projects/topotestix' is dirty
warning: ignoring the client-specified setting 'netrc-file', because it is a restricted setting and you are not a trusted user
warning: ignoring the client-specified setting 'trusted-public-keys', because it is a restricted setting and you are not a trusted user
warning: ignoring the client-specified setting 'netrc-file', because it is a restricted setting and you are not a trusted user
warning: ignoring the client-specified setting 'trusted-public-keys', because it is a restricted setting and you are not a trusted user
warning: ignoring the client-specified setting 'netrc-file', because it is a restricted setting and you are not a trusted user
warning: ignoring the client-specified setting 'trusted-public-keys', because it is a restricted setting and you are not a trusted user
no MANIFEST.lock.json — running lock phase first
lock written: experiments/thesis-evals-11-09-2026/MANIFEST.lock.json (framework f25ec56d6ae7a390ada52c7814c82d0c7def0df4, campaign_token c20260910-6335ae)
[1/424] kafka-sweep kafka-sweep-rep0-seed31 -> done
[2/424] kafka-sweep kafka-sweep-rep0-seed39 -> done
[3/424] kafka-sweep kafka-sweep-rep1-seed28 -> done
[4/424] kafka-sweep kafka-sweep-rep1-seed29 -> done
[5/424] kafka-sweep kafka-sweep-rep1-seed43 -> done
[6/424] kafka-sweep kafka-sweep-rep1-seed24 -> done
[7/424] kafka-sweep kafka-sweep-rep1-seed6 -> done
[8/424] kafka-sweep kafka-sweep-rep1-seed32 -> done
[9/424] kafka-sweep kafka-sweep-rep0-seed18 -> done
[10/424] kafka-sweep kafka-sweep-rep1-seed14 -> done
[11/424] kafka-sweep kafka-sweep-rep1-seed35 -> done
[12/424] kafka-sweep kafka-sweep-rep0-seed29 -> done
[13/424] kafka-sweep kafka-sweep-rep1-seed23 -> done
[14/424] kafka-sweep kafka-sweep-rep0-seed16 -> done
[15/424] kafka-sweep kafka-sweep-rep0-seed49 -> done
[16/424] kafka-sweep kafka-sweep-rep1-seed12 -> done
[17/424] kafka-sweep kafka-sweep-rep1-seed42 -> done
[18/424] kafka-sweep kafka-sweep-rep0-seed3 -> done
[19/424] kafka-sweep kafka-sweep-rep1-seed5 -> done
[20/424] kafka-sweep kafka-sweep-rep0-seed46 -> done
[21/424] kafka-sweep kafka-sweep-rep0-seed26 -> done
[22/424] kafka-sweep kafka-sweep-rep0-seed12 -> done
[23/424] kafka-sweep kafka-sweep-rep0-seed42 -> done
[24/424] kafka-sweep kafka-sweep-rep0-seed36 -> done
[25/424] kafka-sweep kafka-sweep-rep0-seed2 -> done
[26/424] kafka-sweep kafka-sweep-rep1-seed34 -> done
[27/424] kafka-sweep kafka-sweep-rep0-seed45 -> done
[28/424] kafka-sweep kafka-sweep-rep0-seed7 -> done
[29/424] kafka-sweep kafka-sweep-rep1-seed27 -> done
[30/424] kafka-sweep kafka-sweep-rep1-seed19 -> done
[31/424] kafka-sweep kafka-sweep-rep1-seed11 -> done
[32/424] kafka-sweep kafka-sweep-rep1-seed17 -> done
[33/424] kafka-sweep kafka-sweep-rep1-seed37 -> done
[34/424] kafka-sweep kafka-sweep-rep1-seed2 -> done
[35/424] kafka-sweep kafka-sweep-rep1-seed36 -> done
[36/424] kafka-sweep kafka-sweep-rep1-seed44 -> done
[37/424] kafka-sweep kafka-sweep-rep0-seed34 -> done
[38/424] kafka-sweep kafka-sweep-rep1-seed31 -> done
[39/424] kafka-sweep kafka-sweep-rep0-seed50 -> done
[40/424] kafka-sweep kafka-sweep-rep1-seed3 -> done
[41/424] kafka-sweep kafka-sweep-rep1-seed47 -> done
[42/424] kafka-sweep kafka-sweep-rep0-seed44 -> done
[43/424] kafka-sweep kafka-sweep-rep1-seed45 -> done
[44/424] kafka-sweep kafka-sweep-rep0-seed43 -> done
[45/424] kafka-sweep kafka-sweep-rep0-seed32 -> done
[46/424] kafka-sweep kafka-sweep-rep1-seed48 -> done
[47/424] kafka-sweep kafka-sweep-rep0-seed33 -> done
[48/424] kafka-sweep kafka-sweep-rep0-seed9 -> done
[49/424] kafka-sweep kafka-sweep-rep1-seed40 -> done
[50/424] kafka-sweep kafka-sweep-rep1-seed1 -> done
[51/424] kafka-sweep kafka-sweep-rep1-seed21 -> done
[52/424] kafka-sweep kafka-sweep-rep0-seed35 -> done
[53/424] kafka-sweep kafka-sweep-rep0-seed23 -> done
[54/424] kafka-sweep kafka-sweep-rep1-seed25 -> done
[55/424] kafka-sweep kafka-sweep-rep0-seed41 -> done
[56/424] kafka-sweep kafka-sweep-rep0-seed25 -> done
[57/424] kafka-sweep kafka-sweep-rep0-seed22 -> done
[58/424] kafka-sweep kafka-sweep-rep0-seed10 -> done
[59/424] kafka-sweep kafka-sweep-rep0-seed37 -> done
[60/424] kafka-sweep kafka-sweep-rep0-seed6 -> done
[61/424] kafka-sweep kafka-sweep-rep1-seed41 -> done
[62/424] kafka-sweep kafka-sweep-rep0-seed21 -> done
[63/424] kafka-sweep kafka-sweep-rep1-seed20 -> done
[64/424] kafka-sweep kafka-sweep-rep0-seed48 -> done
[65/424] kafka-sweep kafka-sweep-rep1-seed22 -> done
[66/424] kafka-sweep kafka-sweep-rep1-seed10 -> done
[67/424] kafka-sweep kafka-sweep-rep1-seed9 -> done
[68/424] kafka-sweep kafka-sweep-rep0-seed24 -> done
[69/424] kafka-sweep kafka-sweep-rep1-seed50 -> done
[70/424] kafka-sweep kafka-sweep-rep1-seed39 -> done
[71/424] kafka-sweep kafka-sweep-rep0-seed15 -> done
[72/424] kafka-sweep kafka-sweep-rep0-seed13 -> done
[73/424] kafka-sweep kafka-sweep-rep0-seed20 -> done
[74/424] kafka-sweep kafka-sweep-rep1-seed18 -> done
[75/424] kafka-sweep kafka-sweep-rep1-seed16 -> done
[76/424] kafka-sweep kafka-sweep-rep1-seed26 -> done
[77/424] kafka-sweep kafka-sweep-rep1-seed7 -> done
[78/424] kafka-sweep kafka-sweep-rep1-seed49 -> done
[79/424] kafka-sweep kafka-sweep-rep0-seed8 -> done
[80/424] kafka-sweep kafka-sweep-rep0-seed4 -> done
[81/424] kafka-sweep kafka-sweep-rep0-seed27 -> done
[82/424] kafka-sweep kafka-sweep-rep0-seed11 -> done
[83/424] kafka-sweep kafka-sweep-rep0-seed28 -> done
[84/424] kafka-sweep kafka-sweep-rep0-seed30 -> done
[85/424] kafka-sweep kafka-sweep-rep1-seed4 -> done
[86/424] kafka-sweep kafka-sweep-rep1-seed13 -> done
[87/424] kafka-sweep kafka-sweep-rep0-seed38 -> done
[88/424] kafka-sweep kafka-sweep-rep1-seed38 -> done
[89/424] kafka-sweep kafka-sweep-rep0-seed1 -> done
[90/424] kafka-sweep kafka-sweep-rep0-seed17 -> done
[91/424] kafka-sweep kafka-sweep-rep0-seed14 -> done
[92/424] kafka-sweep kafka-sweep-rep1-seed15 -> done
[93/424] kafka-sweep kafka-sweep-rep1-seed46 -> done
[94/424] kafka-sweep kafka-sweep-rep0-seed40 -> done
[95/424] kafka-sweep kafka-sweep-rep1-seed30 -> done
[96/424] kafka-sweep kafka-sweep-rep1-seed8 -> done
[97/424] kafka-sweep kafka-sweep-rep0-seed19 -> done
[98/424] kafka-sweep kafka-sweep-rep1-seed33 -> done
[99/424] kafka-sweep kafka-sweep-rep0-seed47 -> done
[100/424] kafka-sweep kafka-sweep-rep0-seed5 -> done
[101/424] kafka-shrink kafka-shrink-rep0-seed9 -> done
[102/424] kafka-shrink kafka-shrink-rep0-seed13 -> done
[103/424] kafka-min-configs kafka-min-configs-rep0-min-message-max-e0-seed1 -> done
[104/424] kafka-min-configs kafka-min-configs-rep0-min-log-segment-e0-seed1 -> done
[105/424] etcd-v1-sweep etcd-v1-sweep-rep0-seed21 -> done
[106/424] etcd-v1-sweep etcd-v1-sweep-rep0-seed18 -> done
[107/424] etcd-v1-sweep etcd-v1-sweep-rep1-seed31 -> done
[108/424] etcd-v1-sweep etcd-v1-sweep-rep0-seed33 -> done
[109/424] etcd-v1-sweep etcd-v1-sweep-rep1-seed30 -> done
[110/424] etcd-v1-sweep etcd-v1-sweep-rep0-seed17 -> done
[111/424] etcd-v1-sweep etcd-v1-sweep-rep1-seed44 -> done
[112/424] etcd-v1-sweep etcd-v1-sweep-rep1-seed28 -> done
[113/424] etcd-v1-sweep etcd-v1-sweep-rep0-seed25 -> done
[114/424] etcd-v1-sweep etcd-v1-sweep-rep0-seed23 -> done
[115/424] etcd-v1-sweep etcd-v1-sweep-rep1-seed49 -> done
[116/424] etcd-v1-sweep etcd-v1-sweep-rep0-seed10 -> done
[117/424] etcd-v1-sweep etcd-v1-sweep-rep1-seed16 -> done
[118/424] etcd-v1-sweep etcd-v1-sweep-rep0-seed50 -> done
[119/424] etcd-v1-sweep etcd-v1-sweep-rep0-seed45 -> done
[120/424] etcd-v1-sweep etcd-v1-sweep-rep0-seed29 -> done
[121/424] etcd-v1-sweep etcd-v1-sweep-rep1-seed35 -> done
[122/424] etcd-v1-sweep etcd-v1-sweep-rep1-seed48 -> done
[123/424] etcd-v1-sweep etcd-v1-sweep-rep0-seed31 -> done
[124/424] etcd-v1-sweep etcd-v1-sweep-rep0-seed9 -> done
[125/424] etcd-v1-sweep etcd-v1-sweep-rep0-seed43 -> done
[126/424] etcd-v1-sweep etcd-v1-sweep-rep0-seed5 -> done
[127/424] etcd-v1-sweep etcd-v1-sweep-rep1-seed42 -> done
[128/424] etcd-v1-sweep etcd-v1-sweep-rep1-seed13 -> done
[129/424] etcd-v1-sweep etcd-v1-sweep-rep1-seed10 -> done
[130/424] etcd-v1-sweep etcd-v1-sweep-rep1-seed39 -> done
[131/424] etcd-v1-sweep etcd-v1-sweep-rep1-seed37 -> done
[132/424] etcd-v1-sweep etcd-v1-sweep-rep0-seed2 -> done
[133/424] etcd-v1-sweep etcd-v1-sweep-rep0-seed41 -> done
[134/424] etcd-v1-sweep etcd-v1-sweep-rep0-seed38 -> done
[135/424] etcd-v1-sweep etcd-v1-sweep-rep1-seed4 -> done
[136/424] etcd-v1-sweep etcd-v1-sweep-rep0-seed22 -> done
[137/424] etcd-v1-sweep etcd-v1-sweep-rep0-seed24 -> done
[138/424] etcd-v1-sweep etcd-v1-sweep-rep0-seed13 -> done
[139/424] etcd-v1-sweep etcd-v1-sweep-rep0-seed6 -> done
[140/424] etcd-v1-sweep etcd-v1-sweep-rep1-seed3 -> done
[141/424] etcd-v1-sweep etcd-v1-sweep-rep1-seed47 -> done
[142/424] etcd-v1-sweep etcd-v1-sweep-rep1-seed7 -> done
[143/424] etcd-v1-sweep etcd-v1-sweep-rep0-seed8 -> done
[144/424] etcd-v1-sweep etcd-v1-sweep-rep1-seed11 -> done
[145/424] etcd-v1-sweep etcd-v1-sweep-rep1-seed25 -> done
[146/424] etcd-v1-sweep etcd-v1-sweep-rep0-seed37 -> done
[147/424] etcd-v1-sweep etcd-v1-sweep-rep1-seed21 -> done
[148/424] etcd-v1-sweep etcd-v1-sweep-rep1-seed24 -> done
[149/424] etcd-v1-sweep etcd-v1-sweep-rep1-seed22 -> done
[150/424] etcd-v1-sweep etcd-v1-sweep-rep0-seed7 -> done
[151/424] etcd-v1-sweep etcd-v1-sweep-rep1-seed8 -> done
[152/424] etcd-v1-sweep etcd-v1-sweep-rep0-seed30 -> done
[153/424] etcd-v1-sweep etcd-v1-sweep-rep1-seed1 -> done
[154/424] etcd-v1-sweep etcd-v1-sweep-rep1-seed19 -> done
[155/424] etcd-v1-sweep etcd-v1-sweep-rep1-seed9 -> done
[156/424] etcd-v1-sweep etcd-v1-sweep-rep1-seed17 -> done
[157/424] etcd-v1-sweep etcd-v1-sweep-rep1-seed40 -> done
[158/424] etcd-v1-sweep etcd-v1-sweep-rep1-seed43 -> done
[159/424] etcd-v1-sweep etcd-v1-sweep-rep1-seed14 -> done
[160/424] etcd-v1-sweep etcd-v1-sweep-rep0-seed26 -> done
[161/424] etcd-v1-sweep etcd-v1-sweep-rep0-seed40 -> done
[162/424] etcd-v1-sweep etcd-v1-sweep-rep0-seed44 -> done
[163/424] etcd-v1-sweep etcd-v1-sweep-rep1-seed15 -> done
[164/424] etcd-v1-sweep etcd-v1-sweep-rep0-seed19 -> done
[165/424] etcd-v1-sweep etcd-v1-sweep-rep1-seed2 -> done
[166/424] etcd-v1-sweep etcd-v1-sweep-rep1-seed32 -> done
[167/424] etcd-v1-sweep etcd-v1-sweep-rep1-seed27 -> done
[168/424] etcd-v1-sweep etcd-v1-sweep-rep0-seed48 -> done
[169/424] etcd-v1-sweep etcd-v1-sweep-rep1-seed46 -> done
[170/424] etcd-v1-sweep etcd-v1-sweep-rep0-seed46 -> done
[171/424] etcd-v1-sweep etcd-v1-sweep-rep1-seed5 -> done
[172/424] etcd-v1-sweep etcd-v1-sweep-rep1-seed41 -> done
[173/424] etcd-v1-sweep etcd-v1-sweep-rep0-seed11 -> done
[174/424] etcd-v1-sweep etcd-v1-sweep-rep1-seed45 -> done
[175/424] etcd-v1-sweep etcd-v1-sweep-rep0-seed32 -> done
[176/424] etcd-v1-sweep etcd-v1-sweep-rep1-seed29 -> done
[177/424] etcd-v1-sweep etcd-v1-sweep-rep0-seed4 -> done
[178/424] etcd-v1-sweep etcd-v1-sweep-rep1-seed18 -> done
[179/424] etcd-v1-sweep etcd-v1-sweep-rep0-seed49 -> done
[180/424] etcd-v1-sweep etcd-v1-sweep-rep0-seed42 -> done
[181/424] etcd-v1-sweep etcd-v1-sweep-rep1-seed26 -> done
[182/424] etcd-v1-sweep etcd-v1-sweep-rep0-seed28 -> done
[183/424] etcd-v1-sweep etcd-v1-sweep-rep0-seed34 -> done
[184/424] etcd-v1-sweep etcd-v1-sweep-rep1-seed12 -> done
[185/424] etcd-v1-sweep etcd-v1-sweep-rep0-seed12 -> done
[186/424] etcd-v1-sweep etcd-v1-sweep-rep1-seed6 -> done
[187/424] etcd-v1-sweep etcd-v1-sweep-rep1-seed36 -> done
[188/424] etcd-v1-sweep etcd-v1-sweep-rep0-seed47 -> done
[189/424] etcd-v1-sweep etcd-v1-sweep-rep0-seed1 -> done
[190/424] etcd-v1-sweep etcd-v1-sweep-rep0-seed27 -> done
[191/424] etcd-v1-sweep etcd-v1-sweep-rep0-seed3 -> done
[192/424] etcd-v1-sweep etcd-v1-sweep-rep0-seed14 -> done
[193/424] etcd-v1-sweep etcd-v1-sweep-rep1-seed20 -> done
[194/424] etcd-v1-sweep etcd-v1-sweep-rep0-seed35 -> done
[195/424] etcd-v1-sweep etcd-v1-sweep-rep1-seed23 -> done
[196/424] etcd-v1-sweep etcd-v1-sweep-rep0-seed15 -> done
[197/424] etcd-v1-sweep etcd-v1-sweep-rep1-seed34 -> done
[198/424] etcd-v1-sweep etcd-v1-sweep-rep0-seed36 -> done
[199/424] etcd-v1-sweep etcd-v1-sweep-rep1-seed38 -> done
[200/424] etcd-v1-sweep etcd-v1-sweep-rep0-seed20 -> done
[201/424] etcd-v1-sweep etcd-v1-sweep-rep0-seed16 -> done
[202/424] etcd-v1-sweep etcd-v1-sweep-rep1-seed33 -> done
[203/424] etcd-v1-sweep etcd-v1-sweep-rep1-seed50 -> done
[204/424] etcd-v1-sweep etcd-v1-sweep-rep0-seed39 -> done
[205/424] etcd-v2-sweep etcd-v2-sweep-rep0-seed7 -> done
[206/424] etcd-v2-sweep etcd-v2-sweep-rep0-seed38 -> done
[207/424] etcd-v2-sweep etcd-v2-sweep-rep1-seed45 -> done
[208/424] etcd-v2-sweep etcd-v2-sweep-rep0-seed1 -> done
[209/424] etcd-v2-sweep etcd-v2-sweep-rep1-seed11 -> done
[210/424] etcd-v2-sweep etcd-v2-sweep-rep0-seed49 -> done
[211/424] etcd-v2-sweep etcd-v2-sweep-rep0-seed39 -> done
[212/424] etcd-v2-sweep etcd-v2-sweep-rep1-seed19 -> done
[213/424] etcd-v2-sweep etcd-v2-sweep-rep0-seed29 -> done
[214/424] etcd-v2-sweep etcd-v2-sweep-rep1-seed6 -> done
[215/424] etcd-v2-sweep etcd-v2-sweep-rep0-seed19 -> done
[216/424] etcd-v2-sweep etcd-v2-sweep-rep1-seed50 -> done
[217/424] etcd-v2-sweep etcd-v2-sweep-rep0-seed8 -> done
[218/424] etcd-v2-sweep etcd-v2-sweep-rep1-seed43 -> done
[219/424] etcd-v2-sweep etcd-v2-sweep-rep1-seed33 -> done
[220/424] etcd-v2-sweep etcd-v2-sweep-rep1-seed16 -> done
[221/424] etcd-v2-sweep etcd-v2-sweep-rep1-seed39 -> done
[222/424] etcd-v2-sweep etcd-v2-sweep-rep0-seed43 -> done
[223/424] etcd-v2-sweep etcd-v2-sweep-rep0-seed45 -> done
[224/424] etcd-v2-sweep etcd-v2-sweep-rep0-seed50 -> done
[225/424] etcd-v2-sweep etcd-v2-sweep-rep1-seed13 -> done
[226/424] etcd-v2-sweep etcd-v2-sweep-rep0-seed18 -> done
[227/424] etcd-v2-sweep etcd-v2-sweep-rep0-seed2 -> done
[228/424] etcd-v2-sweep etcd-v2-sweep-rep0-seed40 -> done
[229/424] etcd-v2-sweep etcd-v2-sweep-rep0-seed14 -> done
[230/424] etcd-v2-sweep etcd-v2-sweep-rep1-seed47 -> done
[231/424] etcd-v2-sweep etcd-v2-sweep-rep0-seed12 -> done
[232/424] etcd-v2-sweep etcd-v2-sweep-rep1-seed12 -> done
[233/424] etcd-v2-sweep etcd-v2-sweep-rep1-seed5 -> done
[234/424] etcd-v2-sweep etcd-v2-sweep-rep0-seed47 -> done
[235/424] etcd-v2-sweep etcd-v2-sweep-rep1-seed22 -> done
[236/424] etcd-v2-sweep etcd-v2-sweep-rep1-seed23 -> done
[237/424] etcd-v2-sweep etcd-v2-sweep-rep0-seed46 -> done
[238/424] etcd-v2-sweep etcd-v2-sweep-rep0-seed33 -> done
[239/424] etcd-v2-sweep etcd-v2-sweep-rep1-seed2 -> done
[240/424] etcd-v2-sweep etcd-v2-sweep-rep0-seed37 -> done
[241/424] etcd-v2-sweep etcd-v2-sweep-rep0-seed41 -> done
[242/424] etcd-v2-sweep etcd-v2-sweep-rep0-seed36 -> done
[243/424] etcd-v2-sweep etcd-v2-sweep-rep0-seed23 -> done
[244/424] etcd-v2-sweep etcd-v2-sweep-rep0-seed5 -> done
[245/424] etcd-v2-sweep etcd-v2-sweep-rep1-seed38 -> done
[246/424] etcd-v2-sweep etcd-v2-sweep-rep0-seed22 -> done
[247/424] etcd-v2-sweep etcd-v2-sweep-rep1-seed49 -> done
[248/424] etcd-v2-sweep etcd-v2-sweep-rep1-seed34 -> done
[249/424] etcd-v2-sweep etcd-v2-sweep-rep1-seed24 -> done
[250/424] etcd-v2-sweep etcd-v2-sweep-rep1-seed32 -> done
[251/424] etcd-v2-sweep etcd-v2-sweep-rep0-seed31 -> done
[252/424] etcd-v2-sweep etcd-v2-sweep-rep0-seed4 -> done
[253/424] etcd-v2-sweep etcd-v2-sweep-rep0-seed21 -> done
[254/424] etcd-v2-sweep etcd-v2-sweep-rep0-seed28 -> done
[255/424] etcd-v2-sweep etcd-v2-sweep-rep0-seed44 -> done
[256/424] etcd-v2-sweep etcd-v2-sweep-rep1-seed1 -> done
[257/424] etcd-v2-sweep etcd-v2-sweep-rep1-seed18 -> done
[258/424] etcd-v2-sweep etcd-v2-sweep-rep0-seed17 -> done
[259/424] etcd-v2-sweep etcd-v2-sweep-rep0-seed3 -> done
[260/424] etcd-v2-sweep etcd-v2-sweep-rep1-seed4 -> done
[261/424] etcd-v2-sweep etcd-v2-sweep-rep1-seed3 -> done
[262/424] etcd-v2-sweep etcd-v2-sweep-rep0-seed25 -> done
[263/424] etcd-v2-sweep etcd-v2-sweep-rep1-seed29 -> done
[264/424] etcd-v2-sweep etcd-v2-sweep-rep0-seed15 -> done
[265/424] etcd-v2-sweep etcd-v2-sweep-rep1-seed25 -> done
[266/424] etcd-v2-sweep etcd-v2-sweep-rep0-seed48 -> done
[267/424] etcd-v2-sweep etcd-v2-sweep-rep0-seed10 -> done
[268/424] etcd-v2-sweep etcd-v2-sweep-rep0-seed16 -> done
[269/424] etcd-v2-sweep etcd-v2-sweep-rep1-seed8 -> done
[270/424] etcd-v2-sweep etcd-v2-sweep-rep0-seed9 -> done
[271/424] etcd-v2-sweep etcd-v2-sweep-rep1-seed42 -> done
[272/424] etcd-v2-sweep etcd-v2-sweep-rep0-seed26 -> done
[273/424] etcd-v2-sweep etcd-v2-sweep-rep1-seed17 -> done
[274/424] etcd-v2-sweep etcd-v2-sweep-rep1-seed7 -> done
[275/424] etcd-v2-sweep etcd-v2-sweep-rep1-seed9 -> done
[276/424] etcd-v2-sweep etcd-v2-sweep-rep1-seed15 -> done
[277/424] etcd-v2-sweep etcd-v2-sweep-rep1-seed31 -> done
[278/424] etcd-v2-sweep etcd-v2-sweep-rep0-seed35 -> done
[279/424] etcd-v2-sweep etcd-v2-sweep-rep1-seed30 -> done
[280/424] etcd-v2-sweep etcd-v2-sweep-rep1-seed10 -> done
[281/424] etcd-v2-sweep etcd-v2-sweep-rep1-seed20 -> done
[282/424] etcd-v2-sweep etcd-v2-sweep-rep1-seed21 -> done
[283/424] etcd-v2-sweep etcd-v2-sweep-rep1-seed35 -> done
[284/424] etcd-v2-sweep etcd-v2-sweep-rep0-seed6 -> done
[285/424] etcd-v2-sweep etcd-v2-sweep-rep1-seed44 -> done
[286/424] etcd-v2-sweep etcd-v2-sweep-rep1-seed40 -> done
[287/424] etcd-v2-sweep etcd-v2-sweep-rep0-seed24 -> done
[288/424] etcd-v2-sweep etcd-v2-sweep-rep1-seed27 -> done
[289/424] etcd-v2-sweep etcd-v2-sweep-rep0-seed30 -> done
[290/424] etcd-v2-sweep etcd-v2-sweep-rep1-seed41 -> done
[291/424] etcd-v2-sweep etcd-v2-sweep-rep0-seed13 -> done
[292/424] etcd-v2-sweep etcd-v2-sweep-rep0-seed11 -> done
[293/424] etcd-v2-sweep etcd-v2-sweep-rep0-seed34 -> done
[294/424] etcd-v2-sweep etcd-v2-sweep-rep1-seed48 -> done
[295/424] etcd-v2-sweep etcd-v2-sweep-rep0-seed32 -> done
[296/424] etcd-v2-sweep etcd-v2-sweep-rep1-seed26 -> done
[297/424] etcd-v2-sweep etcd-v2-sweep-rep0-seed27 -> done
[298/424] etcd-v2-sweep etcd-v2-sweep-rep1-seed28 -> done
[299/424] etcd-v2-sweep etcd-v2-sweep-rep0-seed20 -> done
[300/424] etcd-v2-sweep etcd-v2-sweep-rep0-seed42 -> done
[301/424] etcd-v2-sweep etcd-v2-sweep-rep1-seed14 -> done
[302/424] etcd-v2-sweep etcd-v2-sweep-rep1-seed37 -> done
[303/424] etcd-v2-sweep etcd-v2-sweep-rep1-seed36 -> done
[304/424] etcd-v2-sweep etcd-v2-sweep-rep1-seed46 -> done
[305/424] etcd-v2-shrink etcd-v2-shrink-rep0-seed40 -> done
[306/424] etcd-v2-shrink etcd-v2-shrink-rep0-seed3 -> done
[307/424] etcd-v2-exhaustive etcd-v2-exhaustive-rep0-cell056 -> done
[308/424] etcd-v2-exhaustive etcd-v2-exhaustive-rep0-cell059 -> done
[309/424] etcd-v2-exhaustive etcd-v2-exhaustive-rep0-cell087 -> done
[310/424] etcd-v2-exhaustive etcd-v2-exhaustive-rep0-cell016 -> done
[311/424] etcd-v2-exhaustive etcd-v2-exhaustive-rep0-cell005 -> done
[312/424] etcd-v2-exhaustive etcd-v2-exhaustive-rep0-cell040 -> done
[313/424] etcd-v2-exhaustive etcd-v2-exhaustive-rep0-cell027 -> done
[314/424] etcd-v2-exhaustive etcd-v2-exhaustive-rep0-cell018 -> done
[315/424] etcd-v2-exhaustive etcd-v2-exhaustive-rep0-cell081 -> done
[316/424] etcd-v2-exhaustive etcd-v2-exhaustive-rep0-cell063 -> done
[317/424] etcd-v2-exhaustive etcd-v2-exhaustive-rep0-cell049 -> done
[318/424] etcd-v2-exhaustive etcd-v2-exhaustive-rep0-cell006 -> done
[319/424] etcd-v2-exhaustive etcd-v2-exhaustive-rep0-cell017 -> done
[320/424] etcd-v2-exhaustive etcd-v2-exhaustive-rep0-cell085 -> done
[321/424] etcd-v2-exhaustive etcd-v2-exhaustive-rep0-cell079 -> done
[322/424] etcd-v2-exhaustive etcd-v2-exhaustive-rep0-cell031 -> done
[323/424] etcd-v2-exhaustive etcd-v2-exhaustive-rep0-cell066 -> done
[324/424] etcd-v2-exhaustive etcd-v2-exhaustive-rep0-cell062 -> done
[325/424] etcd-v2-exhaustive etcd-v2-exhaustive-rep0-cell036 -> done
[326/424] etcd-v2-exhaustive etcd-v2-exhaustive-rep0-cell068 -> done
[327/424] etcd-v2-exhaustive etcd-v2-exhaustive-rep0-cell041 -> done
[328/424] etcd-v2-exhaustive etcd-v2-exhaustive-rep0-cell090 -> done
[329/424] etcd-v2-exhaustive etcd-v2-exhaustive-rep0-cell022 -> done
[330/424] etcd-v2-exhaustive etcd-v2-exhaustive-rep0-cell026 -> done
[331/424] etcd-v2-exhaustive etcd-v2-exhaustive-rep0-cell094 -> done
[332/424] etcd-v2-exhaustive etcd-v2-exhaustive-rep0-cell053 -> done
[333/424] etcd-v2-exhaustive etcd-v2-exhaustive-rep0-cell039 -> done
[334/424] etcd-v2-exhaustive etcd-v2-exhaustive-rep0-cell055 -> done
[335/424] etcd-v2-exhaustive etcd-v2-exhaustive-rep0-cell008 -> done
[336/424] etcd-v2-exhaustive etcd-v2-exhaustive-rep0-cell038 -> done
[337/424] etcd-v2-exhaustive etcd-v2-exhaustive-rep0-cell091 -> done
[338/424] etcd-v2-exhaustive etcd-v2-exhaustive-rep0-cell004 -> done
[339/424] etcd-v2-exhaustive etcd-v2-exhaustive-rep0-cell057 -> done
[340/424] etcd-v2-exhaustive etcd-v2-exhaustive-rep0-cell064 -> done
[341/424] etcd-v2-exhaustive etcd-v2-exhaustive-rep0-cell086 -> done
[342/424] etcd-v2-exhaustive etcd-v2-exhaustive-rep0-cell013 -> done
[343/424] etcd-v2-exhaustive etcd-v2-exhaustive-rep0-cell095 -> done
[344/424] etcd-v2-exhaustive etcd-v2-exhaustive-rep0-cell077 -> done
[345/424] etcd-v2-exhaustive etcd-v2-exhaustive-rep0-cell084 -> done
[346/424] etcd-v2-exhaustive etcd-v2-exhaustive-rep0-cell078 -> done
[347/424] etcd-v2-exhaustive etcd-v2-exhaustive-rep0-cell074 -> done
[348/424] etcd-v2-exhaustive etcd-v2-exhaustive-rep0-cell019 -> done
[349/424] etcd-v2-exhaustive etcd-v2-exhaustive-rep0-cell067 -> done
[350/424] etcd-v2-exhaustive etcd-v2-exhaustive-rep0-cell021 -> done
[351/424] etcd-v2-exhaustive etcd-v2-exhaustive-rep0-cell046 -> done
[352/424] etcd-v2-exhaustive etcd-v2-exhaustive-rep0-cell070 -> done
[353/424] etcd-v2-exhaustive etcd-v2-exhaustive-rep0-cell050 -> done
[354/424] etcd-v2-exhaustive etcd-v2-exhaustive-rep0-cell054 -> done
[355/424] etcd-v2-exhaustive etcd-v2-exhaustive-rep0-cell009 -> done
[356/424] etcd-v2-exhaustive etcd-v2-exhaustive-rep0-cell012 -> done
[357/424] etcd-v2-exhaustive etcd-v2-exhaustive-rep0-cell058 -> done
[358/424] etcd-v2-exhaustive etcd-v2-exhaustive-rep0-cell061 -> done
[359/424] etcd-v2-exhaustive etcd-v2-exhaustive-rep0-cell065 -> done
[360/424] etcd-v2-exhaustive etcd-v2-exhaustive-rep0-cell034 -> done
[361/424] etcd-v2-exhaustive etcd-v2-exhaustive-rep0-cell060 -> done
[362/424] etcd-v2-exhaustive etcd-v2-exhaustive-rep0-cell002 -> done
[363/424] etcd-v2-exhaustive etcd-v2-exhaustive-rep0-cell088 -> done
[364/424] etcd-v2-exhaustive etcd-v2-exhaustive-rep0-cell037 -> done
[365/424] etcd-v2-exhaustive etcd-v2-exhaustive-rep0-cell000 -> done
[366/424] etcd-v2-exhaustive etcd-v2-exhaustive-rep0-cell083 -> done
[367/424] etcd-v2-exhaustive etcd-v2-exhaustive-rep0-cell042 -> done
[368/424] etcd-v2-exhaustive etcd-v2-exhaustive-rep0-cell025 -> done
[369/424] etcd-v2-exhaustive etcd-v2-exhaustive-rep0-cell029 -> done
[370/424] etcd-v2-exhaustive etcd-v2-exhaustive-rep0-cell015 -> done
[371/424] etcd-v2-exhaustive etcd-v2-exhaustive-rep0-cell001 -> done
[372/424] etcd-v2-exhaustive etcd-v2-exhaustive-rep0-cell092 -> done
[373/424] etcd-v2-exhaustive etcd-v2-exhaustive-rep0-cell080 -> done
[374/424] etcd-v2-exhaustive etcd-v2-exhaustive-rep0-cell043 -> done
[375/424] etcd-v2-exhaustive etcd-v2-exhaustive-rep0-cell089 -> done
[376/424] etcd-v2-exhaustive etcd-v2-exhaustive-rep0-cell052 -> done
[377/424] etcd-v2-exhaustive etcd-v2-exhaustive-rep0-cell028 -> done
[378/424] etcd-v2-exhaustive etcd-v2-exhaustive-rep0-cell030 -> done
[379/424] etcd-v2-exhaustive etcd-v2-exhaustive-rep0-cell010 -> done
[380/424] etcd-v2-exhaustive etcd-v2-exhaustive-rep0-cell073 -> done
[381/424] etcd-v2-exhaustive etcd-v2-exhaustive-rep0-cell076 -> done
[382/424] etcd-v2-exhaustive etcd-v2-exhaustive-rep0-cell003 -> done
[383/424] etcd-v2-exhaustive etcd-v2-exhaustive-rep0-cell051 -> done
[384/424] etcd-v2-exhaustive etcd-v2-exhaustive-rep0-cell072 -> done
[385/424] etcd-v2-exhaustive etcd-v2-exhaustive-rep0-cell011 -> done
[386/424] etcd-v2-exhaustive etcd-v2-exhaustive-rep0-cell020 -> done
[387/424] etcd-v2-exhaustive etcd-v2-exhaustive-rep0-cell082 -> done
[388/424] etcd-v2-exhaustive etcd-v2-exhaustive-rep0-cell033 -> done
[389/424] etcd-v2-exhaustive etcd-v2-exhaustive-rep0-cell045 -> done
[390/424] etcd-v2-exhaustive etcd-v2-exhaustive-rep0-cell047 -> done
[391/424] etcd-v2-exhaustive etcd-v2-exhaustive-rep0-cell071 -> done
[392/424] etcd-v2-exhaustive etcd-v2-exhaustive-rep0-cell035 -> done
[393/424] etcd-v2-exhaustive etcd-v2-exhaustive-rep0-cell048 -> done
[394/424] etcd-v2-exhaustive etcd-v2-exhaustive-rep0-cell075 -> done
[395/424] etcd-v2-exhaustive etcd-v2-exhaustive-rep0-cell032 -> done
[396/424] etcd-v2-exhaustive etcd-v2-exhaustive-rep0-cell024 -> done
[397/424] etcd-v2-exhaustive etcd-v2-exhaustive-rep0-cell007 -> done
[398/424] etcd-v2-exhaustive etcd-v2-exhaustive-rep0-cell044 -> done
[399/424] etcd-v2-exhaustive etcd-v2-exhaustive-rep0-cell069 -> done
[400/424] etcd-v2-exhaustive etcd-v2-exhaustive-rep0-cell093 -> done
[401/424] etcd-v2-exhaustive etcd-v2-exhaustive-rep0-cell014 -> done
[402/424] etcd-v2-exhaustive etcd-v2-exhaustive-rep0-cell023 -> done
[403/424] rabbitmq-disk rabbitmq-disk-rep0-minimal-e0-seed1 -> done
[404/424] rabbitmq-disk rabbitmq-disk-rep0-positive-e0-seed1 -> done
[405/424] rabbitmq-disk rabbitmq-disk-rep0-positive-e1-seed1 -> done
[406/424] rabbitmq-disk rabbitmq-disk-rep0-minimal-e1-seed1 -> done
[407/424] rabbitmq-disk rabbitmq-disk-rep0-cell-x-e1-seed1 -> done
[408/424] rabbitmq-disk rabbitmq-disk-rep0-cell-x-e0-seed1 -> done
[409/424] rabbitmq-disk rabbitmq-disk-rep0-cell-x-e2-seed1 -> done
[410/424] rabbitmq-faildom rabbitmq-faildom-rep0-spread-e0-seed1 -> done
[411/424] rabbitmq-faildom rabbitmq-faildom-rep0-colocated-e0-seed1 -> done
[412/424] rabbitmq-faildom rabbitmq-faildom-rep0-colocated-e1-seed1 -> done
[413/424] rabbitmq-crash rabbitmq-crash-rep0-during-publish-e0-seed1 -> done
[414/424] rabbitmq-crash rabbitmq-crash-rep0-follower-repB-e0-seed1 -> done
[415/424] rabbitmq-crash rabbitmq-crash-rep0-retune-follower-e0-seed1 -> done
[416/424] rabbitmq-crash rabbitmq-crash-rep0-follower-repA-e0-seed1 -> done
[417/424] rabbitmq-crash rabbitmq-crash-rep0-retune-leader-e0-seed1 -> done
[418/424] rabbitmq-crash rabbitmq-crash-rep0-leader-e0-seed1 -> done
[419/424] rabbitmq-disk-serial rabbitmq-disk-serial-rep0-minimal-e0-seed1 -> done
[420/424] rabbitmq-disk-serial rabbitmq-disk-serial-rep0-cell-x-e0-seed1 -> done
[421/424] rabbitmq-disk-serial rabbitmq-disk-serial-rep0-positive-e1-seed1 -> done
[422/424] rabbitmq-disk-serial rabbitmq-disk-serial-rep0-positive-e0-seed1 -> done
[423/424] test-suites test-suites-rep0-python -> done
[424/424] test-suites test-suites-rep0-nix -> done
[resolve] etcd-cluster seed 1 (1/50)
[resolve] etcd-cluster seed 2 (2/50)
[resolve] etcd-cluster seed 3 (3/50)
[resolve] etcd-cluster seed 4 (4/50)
[resolve] etcd-cluster seed 5 (5/50)
[resolve] etcd-cluster seed 6 (6/50)
[resolve] etcd-cluster seed 7 (7/50)
[resolve] etcd-cluster seed 8 (8/50)
[resolve] etcd-cluster seed 9 (9/50)
[resolve] etcd-cluster seed 10 (10/50)
[resolve] etcd-cluster seed 11 (11/50)
[resolve] etcd-cluster seed 12 (12/50)
[resolve] etcd-cluster seed 13 (13/50)
[resolve] etcd-cluster seed 14 (14/50)
[resolve] etcd-cluster seed 15 (15/50)
[resolve] etcd-cluster seed 16 (16/50)
[resolve] etcd-cluster seed 17 (17/50)
[resolve] etcd-cluster seed 18 (18/50)
[resolve] etcd-cluster seed 19 (19/50)
[resolve] etcd-cluster seed 20 (20/50)
[resolve] etcd-cluster seed 21 (21/50)
[resolve] etcd-cluster seed 22 (22/50)
[resolve] etcd-cluster seed 23 (23/50)
[resolve] etcd-cluster seed 24 (24/50)
[resolve] etcd-cluster seed 25 (25/50)
[resolve] etcd-cluster seed 26 (26/50)
[resolve] etcd-cluster seed 27 (27/50)
[resolve] etcd-cluster seed 28 (28/50)
[resolve] etcd-cluster seed 29 (29/50)
[resolve] etcd-cluster seed 30 (30/50)
[resolve] etcd-cluster seed 31 (31/50)
[resolve] etcd-cluster seed 32 (32/50)
[resolve] etcd-cluster seed 33 (33/50)
[resolve] etcd-cluster seed 34 (34/50)
[resolve] etcd-cluster seed 35 (35/50)
[resolve] etcd-cluster seed 36 (36/50)
[resolve] etcd-cluster seed 37 (37/50)
[resolve] etcd-cluster seed 38 (38/50)
[resolve] etcd-cluster seed 39 (39/50)
[resolve] etcd-cluster seed 40 (40/50)
[resolve] etcd-cluster seed 41 (41/50)
[resolve] etcd-cluster seed 42 (42/50)
[resolve] etcd-cluster seed 43 (43/50)
[resolve] etcd-cluster seed 44 (44/50)
[resolve] etcd-cluster seed 45 (45/50)
[resolve] etcd-cluster seed 46 (46/50)
[resolve] etcd-cluster seed 47 (47/50)
[resolve] etcd-cluster seed 48 (48/50)
[resolve] etcd-cluster seed 49 (49/50)
[resolve] etcd-cluster seed 50 (50/50)
[resolve] etcd-cluster-v1 seed 1 (1/50)
[resolve] etcd-cluster-v1 seed 2 (2/50)
[resolve] etcd-cluster-v1 seed 3 (3/50)
[resolve] etcd-cluster-v1 seed 4 (4/50)
[resolve] etcd-cluster-v1 seed 5 (5/50)
[resolve] etcd-cluster-v1 seed 6 (6/50)
[resolve] etcd-cluster-v1 seed 7 (7/50)
[resolve] etcd-cluster-v1 seed 8 (8/50)
[resolve] etcd-cluster-v1 seed 9 (9/50)
[resolve] etcd-cluster-v1 seed 10 (10/50)
[resolve] etcd-cluster-v1 seed 11 (11/50)
[resolve] etcd-cluster-v1 seed 12 (12/50)
[resolve] etcd-cluster-v1 seed 13 (13/50)
[resolve] etcd-cluster-v1 seed 14 (14/50)
[resolve] etcd-cluster-v1 seed 15 (15/50)
[resolve] etcd-cluster-v1 seed 16 (16/50)
[resolve] etcd-cluster-v1 seed 17 (17/50)
[resolve] etcd-cluster-v1 seed 18 (18/50)
[resolve] etcd-cluster-v1 seed 19 (19/50)
[resolve] etcd-cluster-v1 seed 20 (20/50)
[resolve] etcd-cluster-v1 seed 21 (21/50)
[resolve] etcd-cluster-v1 seed 22 (22/50)
[resolve] etcd-cluster-v1 seed 23 (23/50)
[resolve] etcd-cluster-v1 seed 24 (24/50)
[resolve] etcd-cluster-v1 seed 25 (25/50)
[resolve] etcd-cluster-v1 seed 26 (26/50)
[resolve] etcd-cluster-v1 seed 27 (27/50)
[resolve] etcd-cluster-v1 seed 28 (28/50)
[resolve] etcd-cluster-v1 seed 29 (29/50)
[resolve] etcd-cluster-v1 seed 30 (30/50)
[resolve] etcd-cluster-v1 seed 31 (31/50)
[resolve] etcd-cluster-v1 seed 32 (32/50)
[resolve] etcd-cluster-v1 seed 33 (33/50)
[resolve] etcd-cluster-v1 seed 34 (34/50)
[resolve] etcd-cluster-v1 seed 35 (35/50)
[resolve] etcd-cluster-v1 seed 36 (36/50)
[resolve] etcd-cluster-v1 seed 37 (37/50)
[resolve] etcd-cluster-v1 seed 38 (38/50)
[resolve] etcd-cluster-v1 seed 39 (39/50)
[resolve] etcd-cluster-v1 seed 40 (40/50)
[resolve] etcd-cluster-v1 seed 41 (41/50)
[resolve] etcd-cluster-v1 seed 42 (42/50)
[resolve] etcd-cluster-v1 seed 43 (43/50)
[resolve] etcd-cluster-v1 seed 44 (44/50)
[resolve] etcd-cluster-v1 seed 45 (45/50)
[resolve] etcd-cluster-v1 seed 46 (46/50)
[resolve] etcd-cluster-v1 seed 47 (47/50)
[resolve] etcd-cluster-v1 seed 48 (48/50)
[resolve] etcd-cluster-v1 seed 49 (49/50)
[resolve] etcd-cluster-v1 seed 50 (50/50)
[resolve] kafka-cluster seed 1 (1/50)
[resolve] kafka-cluster seed 2 (2/50)
[resolve] kafka-cluster seed 3 (3/50)
[resolve] kafka-cluster seed 4 (4/50)
[resolve] kafka-cluster seed 5 (5/50)
[resolve] kafka-cluster seed 6 (6/50)
[resolve] kafka-cluster seed 7 (7/50)
[resolve] kafka-cluster seed 8 (8/50)
[resolve] kafka-cluster seed 9 (9/50)
[resolve] kafka-cluster seed 10 (10/50)
[resolve] kafka-cluster seed 11 (11/50)
[resolve] kafka-cluster seed 12 (12/50)
[resolve] kafka-cluster seed 13 (13/50)
[resolve] kafka-cluster seed 14 (14/50)
[resolve] kafka-cluster seed 15 (15/50)
[resolve] kafka-cluster seed 16 (16/50)
[resolve] kafka-cluster seed 17 (17/50)
[resolve] kafka-cluster seed 18 (18/50)
[resolve] kafka-cluster seed 19 (19/50)
[resolve] kafka-cluster seed 20 (20/50)
[resolve] kafka-cluster seed 21 (21/50)
[resolve] kafka-cluster seed 22 (22/50)
[resolve] kafka-cluster seed 23 (23/50)
[resolve] kafka-cluster seed 24 (24/50)
[resolve] kafka-cluster seed 25 (25/50)
[resolve] kafka-cluster seed 26 (26/50)
[resolve] kafka-cluster seed 27 (27/50)
[resolve] kafka-cluster seed 28 (28/50)
[resolve] kafka-cluster seed 29 (29/50)
[resolve] kafka-cluster seed 30 (30/50)
[resolve] kafka-cluster seed 31 (31/50)
[resolve] kafka-cluster seed 32 (32/50)
[resolve] kafka-cluster seed 33 (33/50)
[resolve] kafka-cluster seed 34 (34/50)
[resolve] kafka-cluster seed 35 (35/50)
[resolve] kafka-cluster seed 36 (36/50)
[resolve] kafka-cluster seed 37 (37/50)
[resolve] kafka-cluster seed 38 (38/50)
[resolve] kafka-cluster seed 39 (39/50)
[resolve] kafka-cluster seed 40 (40/50)
[resolve] kafka-cluster seed 41 (41/50)
[resolve] kafka-cluster seed 42 (42/50)
[resolve] kafka-cluster seed 43 (43/50)
[resolve] kafka-cluster seed 44 (44/50)
[resolve] kafka-cluster seed 45 (45/50)
[resolve] kafka-cluster seed 46 (46/50)
[resolve] kafka-cluster seed 47 (47/50)
[resolve] kafka-cluster seed 48 (48/50)
[resolve] kafka-cluster seed 49 (49/50)
[resolve] kafka-cluster seed 50 (50/50)
[resolve] rabbitmq-crash seed 1 (1/50)
[resolve] rabbitmq-crash seed 2 (2/50)
[resolve] rabbitmq-crash seed 3 (3/50)
[resolve] rabbitmq-crash seed 4 (4/50)
[resolve] rabbitmq-crash seed 5 (5/50)
[resolve] rabbitmq-crash seed 6 (6/50)
[resolve] rabbitmq-crash seed 7 (7/50)
[resolve] rabbitmq-crash seed 8 (8/50)
[resolve] rabbitmq-crash seed 9 (9/50)
[resolve] rabbitmq-crash seed 10 (10/50)
[resolve] rabbitmq-crash seed 11 (11/50)
[resolve] rabbitmq-crash seed 12 (12/50)
[resolve] rabbitmq-crash seed 13 (13/50)
[resolve] rabbitmq-crash seed 14 (14/50)
[resolve] rabbitmq-crash seed 15 (15/50)
[resolve] rabbitmq-crash seed 16 (16/50)
[resolve] rabbitmq-crash seed 17 (17/50)
[resolve] rabbitmq-crash seed 18 (18/50)
[resolve] rabbitmq-crash seed 19 (19/50)
[resolve] rabbitmq-crash seed 20 (20/50)
[resolve] rabbitmq-crash seed 21 (21/50)
[resolve] rabbitmq-crash seed 22 (22/50)
[resolve] rabbitmq-crash seed 23 (23/50)
[resolve] rabbitmq-crash seed 24 (24/50)
[resolve] rabbitmq-crash seed 25 (25/50)
[resolve] rabbitmq-crash seed 26 (26/50)
[resolve] rabbitmq-crash seed 27 (27/50)
[resolve] rabbitmq-crash seed 28 (28/50)
[resolve] rabbitmq-crash seed 29 (29/50)
[resolve] rabbitmq-crash seed 30 (30/50)
[resolve] rabbitmq-crash seed 31 (31/50)
[resolve] rabbitmq-crash seed 32 (32/50)
[resolve] rabbitmq-crash seed 33 (33/50)
[resolve] rabbitmq-crash seed 34 (34/50)
[resolve] rabbitmq-crash seed 35 (35/50)
[resolve] rabbitmq-crash seed 36 (36/50)
[resolve] rabbitmq-crash seed 37 (37/50)
[resolve] rabbitmq-crash seed 38 (38/50)
[resolve] rabbitmq-crash seed 39 (39/50)
[resolve] rabbitmq-crash seed 40 (40/50)
[resolve] rabbitmq-crash seed 41 (41/50)
[resolve] rabbitmq-crash seed 42 (42/50)
[resolve] rabbitmq-crash seed 43 (43/50)
[resolve] rabbitmq-crash seed 44 (44/50)
[resolve] rabbitmq-crash seed 45 (45/50)
[resolve] rabbitmq-crash seed 46 (46/50)
[resolve] rabbitmq-crash seed 47 (47/50)
[resolve] rabbitmq-crash seed 48 (48/50)
[resolve] rabbitmq-crash seed 49 (49/50)
[resolve] rabbitmq-crash seed 50 (50/50)
[resolve] rabbitmq-disk seed 1 (1/50)
[resolve] rabbitmq-disk seed 2 (2/50)
[resolve] rabbitmq-disk seed 3 (3/50)
[resolve] rabbitmq-disk seed 4 (4/50)
[resolve] rabbitmq-disk seed 5 (5/50)
[resolve] rabbitmq-disk seed 6 (6/50)
[resolve] rabbitmq-disk seed 7 (7/50)
[resolve] rabbitmq-disk seed 8 (8/50)
[resolve] rabbitmq-disk seed 9 (9/50)
[resolve] rabbitmq-disk seed 10 (10/50)
[resolve] rabbitmq-disk seed 11 (11/50)
[resolve] rabbitmq-disk seed 12 (12/50)
[resolve] rabbitmq-disk seed 13 (13/50)
[resolve] rabbitmq-disk seed 14 (14/50)
[resolve] rabbitmq-disk seed 15 (15/50)
[resolve] rabbitmq-disk seed 16 (16/50)
[resolve] rabbitmq-disk seed 17 (17/50)
[resolve] rabbitmq-disk seed 18 (18/50)
[resolve] rabbitmq-disk seed 19 (19/50)
[resolve] rabbitmq-disk seed 20 (20/50)
[resolve] rabbitmq-disk seed 21 (21/50)
[resolve] rabbitmq-disk seed 22 (22/50)
[resolve] rabbitmq-disk seed 23 (23/50)
[resolve] rabbitmq-disk seed 24 (24/50)
[resolve] rabbitmq-disk seed 25 (25/50)
[resolve] rabbitmq-disk seed 26 (26/50)
[resolve] rabbitmq-disk seed 27 (27/50)
[resolve] rabbitmq-disk seed 28 (28/50)
[resolve] rabbitmq-disk seed 29 (29/50)
[resolve] rabbitmq-disk seed 30 (30/50)
[resolve] rabbitmq-disk seed 31 (31/50)
[resolve] rabbitmq-disk seed 32 (32/50)
[resolve] rabbitmq-disk seed 33 (33/50)
[resolve] rabbitmq-disk seed 34 (34/50)
[resolve] rabbitmq-disk seed 35 (35/50)
[resolve] rabbitmq-disk seed 36 (36/50)
[resolve] rabbitmq-disk seed 37 (37/50)
[resolve] rabbitmq-disk seed 38 (38/50)
[resolve] rabbitmq-disk seed 39 (39/50)
[resolve] rabbitmq-disk seed 40 (40/50)
[resolve] rabbitmq-disk seed 41 (41/50)
[resolve] rabbitmq-disk seed 42 (42/50)
[resolve] rabbitmq-disk seed 43 (43/50)
[resolve] rabbitmq-disk seed 44 (44/50)
[resolve] rabbitmq-disk seed 45 (45/50)
[resolve] rabbitmq-disk seed 46 (46/50)
[resolve] rabbitmq-disk seed 47 (47/50)
[resolve] rabbitmq-disk seed 48 (48/50)
[resolve] rabbitmq-disk seed 49 (49/50)
[resolve] rabbitmq-disk seed 50 (50/50)
[resolve] rabbitmq-failure-domain seed 1 (1/50)
[resolve] rabbitmq-failure-domain seed 2 (2/50)
[resolve] rabbitmq-failure-domain seed 3 (3/50)
[resolve] rabbitmq-failure-domain seed 4 (4/50)
[resolve] rabbitmq-failure-domain seed 5 (5/50)
[resolve] rabbitmq-failure-domain seed 6 (6/50)
[resolve] rabbitmq-failure-domain seed 7 (7/50)
[resolve] rabbitmq-failure-domain seed 8 (8/50)
[resolve] rabbitmq-failure-domain seed 9 (9/50)
[resolve] rabbitmq-failure-domain seed 10 (10/50)
[resolve] rabbitmq-failure-domain seed 11 (11/50)
[resolve] rabbitmq-failure-domain seed 12 (12/50)
[resolve] rabbitmq-failure-domain seed 13 (13/50)
[resolve] rabbitmq-failure-domain seed 14 (14/50)
[resolve] rabbitmq-failure-domain seed 15 (15/50)
[resolve] rabbitmq-failure-domain seed 16 (16/50)
[resolve] rabbitmq-failure-domain seed 17 (17/50)
[resolve] rabbitmq-failure-domain seed 18 (18/50)
[resolve] rabbitmq-failure-domain seed 19 (19/50)
[resolve] rabbitmq-failure-domain seed 20 (20/50)
[resolve] rabbitmq-failure-domain seed 21 (21/50)
[resolve] rabbitmq-failure-domain seed 22 (22/50)
[resolve] rabbitmq-failure-domain seed 23 (23/50)
[resolve] rabbitmq-failure-domain seed 24 (24/50)
[resolve] rabbitmq-failure-domain seed 25 (25/50)
[resolve] rabbitmq-failure-domain seed 26 (26/50)
[resolve] rabbitmq-failure-domain seed 27 (27/50)
[resolve] rabbitmq-failure-domain seed 28 (28/50)
[resolve] rabbitmq-failure-domain seed 29 (29/50)
[resolve] rabbitmq-failure-domain seed 30 (30/50)
[resolve] rabbitmq-failure-domain seed 31 (31/50)
[resolve] rabbitmq-failure-domain seed 32 (32/50)
[resolve] rabbitmq-failure-domain seed 33 (33/50)
[resolve] rabbitmq-failure-domain seed 34 (34/50)
[resolve] rabbitmq-failure-domain seed 35 (35/50)
[resolve] rabbitmq-failure-domain seed 36 (36/50)
[resolve] rabbitmq-failure-domain seed 37 (37/50)
[resolve] rabbitmq-failure-domain seed 38 (38/50)
[resolve] rabbitmq-failure-domain seed 39 (39/50)
[resolve] rabbitmq-failure-domain seed 40 (40/50)
[resolve] rabbitmq-failure-domain seed 41 (41/50)
[resolve] rabbitmq-failure-domain seed 42 (42/50)
[resolve] rabbitmq-failure-domain seed 43 (43/50)
[resolve] rabbitmq-failure-domain seed 44 (44/50)
[resolve] rabbitmq-failure-domain seed 45 (45/50)
[resolve] rabbitmq-failure-domain seed 46 (46/50)
[resolve] rabbitmq-failure-domain seed 47 (47/50)
[resolve] rabbitmq-failure-domain seed 48 (48/50)
[resolve] rabbitmq-failure-domain seed 49 (49/50)
[resolve] rabbitmq-failure-domain seed 50 (50/50)
resolution: 300 fuzz units evaluated
log digests written: 424; timing stage markers refreshed: 422
run phase complete in 71187.4s
analysis written
verify: 76 match / 6 within-tolerance / 0 mismatch / 0 not-reproduced
report written
campaign exit: rc=0 at 2026-09-11T18:50:48+02:00
